<html>
<body>
<pre>
<h1>µVision Build Log</h1>
<h2>Project:</h2>
G:\Programming\Personal\Assembly\Assignments\Assignment 5\assign5.uvproj
Project File Date:  12/01/2019

<h2>Output:</h2>
Build target 'Target 1'
assembling asn5.s...
linking...
Program Size: Code=140 RO-data=0 RW-data=0 ZI-data=0  
".\assign5.axf" - 0 Error(s), 0 Warning(s).
</pre>
</body>
</html>
ed Integer register
".\assign5.axf" - 2 Error(s), 0 Warning(s).
Target not created
rget not created
mbol 'inc', not defined or external
asn5.s(39): error: A1516E: Bad symbol 'inc', not defined or external
asn5.s(40): error: A1516E: Bad symbol 'inc', not defined or external
asn5.s(42): error: A1516E: Bad symbol 'inc', not defined or external
asn5.s(43): error: A1516E: Bad symbol 'inc', not defined or external
".\assign5.axf" - 8 Error(s), 0 Warning(s).
Target not created
