<html>
<body>
<pre>
<h1>µVision Build Log</h1>
<h2>Project:</h2>
G:\Programming\Personal\Assembly\Labs\Lab 1\lab1.uvproj
Project File Date:  11/13/2019

<h2>Output:</h2>
Build target 'Target 1'
linking...
Program Size: Code=52 RO-data=0 RW-data=0 ZI-data=0  
".\lab1.axf" - 0 Error(s), 0 Warning(s).
</pre>
</body>
</html>
: A1152E: Unexpected operator
lab1.s(18): error: A1152E: Unexpected operator
lab1.s(19): error: A1152E: Unexpected operator
".\lab1.axf" - 5 Error(s), 0 Warning(s).
Target not created
: '#' not seen before constant expression
lab1.s(15): error: A1152E: Unexpected operator
lab1.s(16): error: A1152E: Unexpected operator
lab1.s(17): error: A1152E: Unexpected operator
lab1.s(18): error: A1152E: Unexpected operator
lab1.s(19): error: A1152E: Unexpected operator
".\lab1.axf" - 5 Error(s), 5 Warning(s).
Target not created
(s), 5 Warning(s).
Target not created
